[pid 21007] write(1, ".xaml\0src/modules/cmdpal/Microso"..., 8192 <unfinished ...>
[pid 21008] <... write resumed>)        = 4096
[pid 21007] <... write resumed>)        = 8192
[pid 21008] write(1, "lterDropDownStaysVisibleAfterSwi"..., 4096 <unfinished ...>
[pid 21007] write(3, ".xaml\0src/modules/cmdpal/Microso"..., 8192) = 8192
[pid 21007] read(0,  <unfinished ...>
[pid 21008] <... write resumed>)        = 4096
[pid 21007] <... read resumed>"dules/cmdpal/Tests/Microsoft.Cmd"..., 8192) = 8192
[pid 21008] write(1, "pertiesCommand.cs\0src/modules/cm"..., 4096 <unfinished ...>
[pid 21007] write(1, "dules/cmdpal/Tests/Microsoft.Cmd"..., 8192 <unfinished ...>
[pid 21008] <... write resumed>)        = 4096
[pid 21007] <... write resumed>)        = 8192
[pid 21008] write(1, "cs\0src/modules/cmdpal/extensions"..., 4096 <unfinished ...>
[pid 21007] write(3, "dules/cmdpal/Tests/Microsoft.Cmd"..., 8192) = 8192
[pid 21007] read(0,  <unfinished ...>
[pid 21008] <... write resumed>)        = 4096
[pid 21007] <... read resumed>"al/ext/Microsoft.CmdPal.Ext.Apps"..., 8192) = 8192
[pid 21008] write(1, "orPicker/ColorPicker.ModuleServi"..., 4096 <unfinished ...>
[pid 21007] write(1, "al/ext/Microsoft.CmdPal.Ext.Apps"..., 8192 <unfinished ...>
[pid 21008] <... write resumed>)        = 4096
[pid 21007] <... write resumed>)        = 8192
[pid 21008] write(1, "ok.cs\0src/modules/colorPicker/Co"..., 4096 <unfinished ...>
[pid 21007] write(3, "al/ext/Microsoft.CmdPal.Ext.Apps"..., 8192) = 8192
[pid 21007] read(0,  <unfinished ...>
[pid 21008] <... write resumed>)        = 4096
[pid 21007] <... read resumed>"icrosoft.CmdPal.Ext.Bookmark/Ser"..., 8192) = 8192
[pid 21008] write(1, ".cs\0src/modules/fancyzones/Fancy"..., 4096 <unfinished ...>
[pid 21007] write(1, "icrosoft.CmdPal.Ext.Bookmark/Ser"..., 8192 <unfinished ...>
[pid 21008] <... write resumed>)        = 4096
[pid 21007] <... write resumed>)        = 8192
[pid 21008] write(1, "n/Data/LayoutDefaultSettings.cs\0"..., 4096 <unfinished ...>
[pid 21007] write(3, "icrosoft.CmdPal.Ext.Bookmark/Ser"..., 8192) = 8192
[pid 21007] read(0,  <unfinished ...>
[pid 21008] <... write resumed>)        = 4096
[pid 21007] <... read resumed>"xer/Indexer/SearchQuery.cs\0src/m"..., 8192) = 8192
[pid 21008] write(1, "/FancyZonesLib/Settings.h\0src/mo"..., 4096 <unfinished ...>
[pid 21007] write(1, "xer/Indexer/SearchQuery.cs\0src/m"..., 8192 <unfinished ...>
[pid 21008] <... write resumed>)        = 4096
[pid 21007] <... write resumed>)        = 8192
[pid 21008] write(1, "/modules/fancyzones/editor/Fancy"..., 4096 <unfinished ...>
[pid 21007] write(3, "xer/Indexer/SearchQuery.cs\0src/m"..., 8192) = 8192
[pid 21007] read(0,  <unfinished ...>
[pid 21008] <... write resumed>)        = 4096
[pid 21007] <... read resumed>"ighterCommand.cs\0src/modules/cmd"..., 8192) = 8192
[pid 21008] write(1, "ditor/Properties/Resources.Desig"..., 4096 <unfinished ...>
[pid 21007] write(1, "ighterCommand.cs\0src/modules/cmd"..., 8192 <unfinished ...>
[pid 21008] <... write resumed>)        = 4096
[pid 21007] <... write resumed>)        = 8192
[pid 21008] write(1, "dules/imageresizer/ImageResizerL"..., 4096 <unfinished ...>
[pid 21007] write(3, "ighterCommand.cs\0src/modules/cmd"..., 8192) = 8192
[pid 21007] read(0,  <unfinished ...>
[pid 21008] <... write resumed>)        = 4096
[pid 21007] <... read resumed>"pers/RegistryHelper.cs\0src/modul"..., 8192) = 8192
[pid 21008] write(1, "ws/IMainView.cs\0src/modules/imag"..., 4096 <unfinished ...>
[pid 21007] write(1, "pers/RegistryHelper.cs\0src/modul"..., 8192 <unfinished ...>
[pid 21008] <... write resumed>)        = 4096
[pid 21007] <... write resumed>)        = 8192
[pid 21008] write(1, "ary/KeyDelay.h\0src/modules/keybo"..., 4096 <unfinished ...>
[pid 21007] write(3, "pers/RegistryHelper.cs\0src/modul"..., 8192) = 8192
[pid 21007] read(0,  <unfinished ...>
[pid 21008] <... write resumed>)        = 4096
[pid 21007] <... read resumed>"ckOpenURLItem.cs\0src/modules/cmd"..., 8192) = 8192
[pid 21008] write(1, "oardManager.png\0src/modules/keyb"..., 4096 <unfinished ...>
[pid 21007] write(1, "ckOpenURLItem.cs\0src/modules/cmd"..., 8192 <unfinished ...>
[pid 21008] <... write resumed>)        = 4096
[pid 21007] <... write resumed>)        = 8192
[pid 21008] write(1, "les/keyboardmanager/KeyboardMana"..., 4096 <unfinished ...>
[pid 21007] write(3, "ckOpenURLItem.cs\0src/modules/cmd"..., 8192) = 8192
[pid 21007] read(0,  <unfinished ...>
[pid 21008] <... write resumed>)        = 4096
[pid 21007] <... read resumed>"cmdpal/ext/Microsoft.CmdPal.Ext."..., 8192) = 8192
[pid 21008] write(1, "nager/dll/resource.base.h\0src/mo"..., 4096 <unfinished ...>
[pid 21007] write(1, "cmdpal/ext/Microsoft.CmdPal.Ext."..., 8192 <unfinished ...>
[pid 21008] <... write resumed>)        = 4096
[pid 21007] <... write resumed>)        = 8192
[pid 21008] write(1, "/Plugins/Community.PowerToys.Run"..., 4096 <unfinished ...>
[pid 21007] write(3, "cmdpal/ext/Microsoft.CmdPal.Ext."..., 8192) = 8192
[pid 21007] read(0,  <unfinished ...>
[pid 21008] <... write resumed>)        = 4096
[pid 21007] <... read resumed>"lterDropDownStaysVisibleAfterSwi"..., 8192) = 8192
[pid 21008] write(1, "gin.WebSearch/Main.cs\0src/module"..., 4096 <unfinished ...>
[pid 21007] write(1, "lterDropDownStaysVisibleAfterSwi"..., 8192 <unfinished ...>
[pid 21008] <... write resumed>)        = 4096
[pid 21007] <... write resumed>)        = 8192
[pid 21008] write(1, "dules/launcher/Plugins/Microsoft"..., 4096 <unfinished ...>
[pid 21007] write(3, "lterDropDownStaysVisibleAfterSwi"..., 8192) = 8192
[pid 21007] read(0,  <unfinished ...>
[pid 21008] <... write resumed>)        = 4096
[pid 21007] <... read resumed>"cs\0src/modules/cmdpal/extensions"..., 8192) = 8192
[pid 21008] write(1, "her/Plugins/Microsoft.Plugin.Pro"..., 4096 <unfinished ...>
[pid 21007] write(1, "cs\0src/modules/cmdpal/extensions"..., 8192 <unfinished ...>
[pid 21008] <... write resumed>)        = 4096
[pid 21007] <... write resumed>)        = 8192
[pid 21008] write(1, "amRepository.cs\0src/modules/laun"..., 4096 <unfinished ...>
[pid 21007] write(3, "cs\0src/modules/cmdpal/extensions"..., 8192) = 8192
[pid 21007] read(0,  <unfinished ...>
[pid 21008] <... write resumed>)        = 4096
[pid 21007] <... read resumed>"ok.cs\0src/modules/colorPicker/Co"..., 8192) = 8192
[pid 21008] write(1, "osoft.Plugin.WindowWalker/Proper"..., 4096 <unfinished ...>
[pid 21007] write(1, "ok.cs\0src/modules/colorPicker/Co"..., 8192 <unfinished ...>
[pid 21008] <... write resumed>)        = 4096
[pid 21007] <... write resumed>)        = 8192
[pid 21008] write(1, "Main.cs\0src/modules/launcher/Plu"..., 4096 <unfinished ...>
[pid 21007] write(3, "ok.cs\0src/modules/colorPicker/Co"..., 8192) = 8192
[pid 21007] read(0,  <unfinished ...>
[pid 21008] <... write resumed>)        = 4096
[pid 21007] <... read resumed>"n/Data/LayoutDefaultSettings.cs\0"..., 8192) = 8192
[pid 21008] write(1, "/Microsoft.PowerToys.Run.Plugin."..., 4096 <unfinished ...>
[pid 21007] write(1, "n/Data/LayoutDefaultSettings.cs\0"..., 8192 <unfinished ...>
[pid 21008] <... write resumed>)        = 4096
[pid 21007] <... write resumed>)        = 8192
[pid 21008] write(1, "r/Plugins/Microsoft.PowerToys.Ru"..., 4096 <unfinished ...>
[pid 21007] write(3, "n/Data/LayoutDefaultSettings.cs\0"..., 8192) = 8192
[pid 21007] read(0,  <unfinished ...>
[pid 21008] <... write resumed>)        = 4096
[pid 21007] <... read resumed>"/modules/fancyzones/editor/Fancy"..., 8192) = 8192
[pid 21008] write(1, "cher/PowerLauncher.Telemetry/Eve"..., 4096 <unfinished ...>
[pid 21007] write(1, "/modules/fancyzones/editor/Fancy"..., 8192 <unfinished ...>
[pid 21008] <... write resumed>)        = 4096
[pid 21007] <... write resumed>)        = 8192
[pid 21008] write(1, "es/launcher/PowerLauncher/Themes"..., 4096 <unfinished ...>
[pid 21007] write(3, "/modules/fancyzones/editor/Fancy"..., 8192) = 8192
[pid 21007] read(0,  <unfinished ...>
[pid 21008] <... write resumed>)        = 4096
[pid 21007] <... read resumed>"dules/imageresizer/ImageResizerL"..., 8192) = 8192
[pid 21008] write(1, "s\0src/modules/launcher/Wox.Plugi"..., 4096 <unfinished ...>
[pid 21007] write(1, "dules/imageresizer/ImageResizerL"..., 8192 <unfinished ...>
[pid 21008] <... write resumed>)        = 4096
[pid 21007] <... write resumed>)        = 8192
[pid 21008] write(1, "peek/Peek.Common/NativeMethods.j"..., 4096 <unfinished ...>
[pid 21007] write(3, "dules/imageresizer/ImageResizerL"..., 8192) = 8192
[pid 21007] read(0,  <unfinished ...>
[pid 21008] <... write resumed>)        = 4096
[pid 21007] <... read resumed>"ary/KeyDelay.h\0src/modules/keybo"..., 8192) = 8192
[pid 21008] write(1, "Previewer/Previewers/Interfaces/"..., 4096 <unfinished ...>
[pid 21007] write(1, "ary/KeyDelay.h\0src/modules/keybo"..., 8192 <unfinished ...>
[pid 21008] <... write resumed>)        = 4096
[pid 21007] <... write resumed>)        = 8192
[pid 21008] write(1, "esources.resw\0src/modules/peek/P"..., 4096 <unfinished ...>
[pid 21007] write(3, "ary/KeyDelay.h\0src/modules/keybo"..., 8192) = 8192
[pid 21007] read(0,  <unfinished ...>
[pid 21008] <... write resumed>)        = 4096
[pid 21007] <... read resumed>"les/keyboardmanager/KeyboardMana"..., 8192) = 8192
[pid 21008] write(1, "ccent/PowerAccentKeyboardService"..., 4096 <unfinished ...>
[pid 21007] write(1, "les/keyboardmanager/KeyboardMana"..., 8192 <unfinished ...>
[pid 21008] <... write resumed>)        = 4096
[pid 21007] <... write resumed>)        = 8192
[pid 21008] write(1, "onitorData.cs\0src/modules/powerd"..., 4096 <unfinished ...>
[pid 21007] write(3, "les/keyboardmanager/KeyboardMana"..., 8192) = 8192
[pid 21007] read(0,  <unfinished ...>
[pid 21008] <... write resumed>)        = 4096
[pid 21007] <... read resumed>"/Plugins/Community.PowerToys.Run"..., 8192) = 8192
[pid 21008] write(1, "elemetry/Events/PowerDisplayStar"..., 4096 <unfinished ...>
[pid 21007] write(1, "/Plugins/Community.PowerToys.Run"..., 8192 <unfinished ...>
[pid 21008] <... write resumed>)        = 4096
[pid 21007] <... write resumed>)        = 8192
[pid 21008] write(1, "I.rc\0src/modules/powerrename/Pow"..., 4096 <unfinished ...>
[pid 21007] write(3, "/Plugins/Community.PowerToys.Run"..., 8192) = 8192
[pid 21007] read(0,  <unfinished ...>
[pid 21008] <... write resumed>)        = 4096
[pid 21007] <... read resumed>"dules/launcher/Plugins/Microsoft"..., 8192) = 8192
[pid 21008] write(1, "rename/lib/packages.config\0src/m"..., 4096 <unfinished ...>
[pid 21007] write(1, "dules/launcher/Plugins/Microsoft"..., 8192 <unfinished ...>
[pid 21008] <... write resumed>)        = 4096
[pid 21007] <... write resumed>)        = 8192
[pid 21008] write(1, "dePreviewHandlerCpp/pch.cpp\0src/"..., 4096 <unfinished ...>
[pid 21007] write(3, "dules/launcher/Plugins/Microsoft"..., 8192) = 8192
[pid 21007] read(0,  <unfinished ...>
[pid 21008] <... write resumed>)        = 4096
[pid 21007] <... read resumed>"amRepository.cs\0src/modules/laun"..., 8192) = 8192
[pid 21008] write(1, "dules/previewpane/MarkdownPrevie"..., 4096 <unfinished ...>
[pid 21007] write(1, "amRepository.cs\0src/modules/laun"..., 8192 <unfinished ...>
[pid 21008] <... write resumed>)        = 4096
[pid 21007] <... write resumed>)        = 8192
[pid 21008] write(1, "dules/previewpane/PdfPreviewHand"..., 4096 <unfinished ...>
[pid 21007] write(3, "amRepository.cs\0src/modules/laun"..., 8192) = 8192
[pid 21007] read(0, "Main.cs\0src/modules/launcher/Plu"..., 8192) = 8192
[pid 21008] <... write resumed>)        = 4096
[pid 21007] write(1, "Main.cs\0src/modules/launcher/Plu"..., 8192 <unfinished ...>
[pid 21008] write(1, "bnailProviderCpp/pch.cpp\0src/mod"..., 4096) = 4096
[pid 21007] <... write resumed>)        = 8192
[pid 21008] write(1, "codePreviewHandler/BgcodePreview"..., 4096 <unfinished ...>
[pid 21007] write(3, "Main.cs\0src/modules/launcher/Plu"..., 8192) = 8192
[pid 21007] read(0,  <unfinished ...>
[pid 21008] <... write resumed>)        = 4096
[pid 21007] <... read resumed>"r/Plugins/Microsoft.PowerToys.Ru"..., 8192) = 8192
[pid 21008] write(1, "iles/WithComments.svg\0src/module"..., 4096 <unfinished ...>
[pid 21007] write(1, "r/Plugins/Microsoft.PowerToys.Ru"..., 8192 <unfinished ...>
[pid 21008] <... write resumed>)        = 4096
[pid 21007] <... write resumed>)        = 8192
[pid 21008] write(1, "istrypreview/RegistryPreviewExt/"..., 4096 <unfinished ...>
[pid 21007] write(3, "r/Plugins/Microsoft.PowerToys.Ru"..., 8192) = 8192
[pid 21007] read(0,  <unfinished ...>
[pid 21008] <... write resumed>)        = 4096
[pid 21007] <... read resumed>"es/launcher/PowerLauncher/Themes"..., 8192) = 8192
[pid 21008] write(1, "otkeys.cpp\0src/runner/centralize"..., 4096 <unfinished ...>
[pid 21007] write(1, "es/launcher/PowerLauncher/Themes"..., 8192 <unfinished ...>
[pid 21008] <... write resumed>)        = 4096
[pid 21007] <... write resumed>)        = 8192
[pid 21008] write(1, "dditionalActions.cs\0src/settings"..., 4096 <unfinished ...>
[pid 21007] write(3, "es/launcher/PowerLauncher/Themes"..., 8192) = 8192
[pid 21007] read(0,  <unfinished ...>
[pid 21008] <... write resumed>)        = 4096
[pid 21007] <... read resumed>"peek/Peek.Common/NativeMethods.j"..., 8192) = 8192
[pid 21008] write(1, "Helpers/SearchLocationLoader.cs\0"..., 4096 <unfinished ...>
[pid 21007] write(1, "peek/Peek.Common/NativeMethods.j"..., 8192 <unfinished ...>
[pid 21008] <... write resumed>)        = 4096
[pid 21007] <... write resumed>)        = 8192
[pid 21008] write(1, "s-ui/Settings.UI.Library/PowerAc"..., 4096 <unfinished ...>
[pid 21007] write(3, "peek/Peek.Common/NativeMethods.j"..., 8192) = 8192
[pid 21007] read(0,  <unfinished ...>
[pid 21008] <... write resumed>)        = 4096
[pid 21007] <... read resumed>"esources.resw\0src/modules/peek/P"..., 8192) = 8192
[pid 21008] write(1, "ettings-ui/Settings.UI.Library/T"..., 4096 <unfinished ...>
[pid 21007] write(1, "esources.resw\0src/modules/peek/P"..., 8192 <unfinished ...>
[pid 21008] <... write resumed>)        = 4096
[pid 21007] <... write resumed>)        = 8192
[pid 21008] write(1, "tings.UI.UnitTests/BackwardsComp"..., 4096 <unfinished ...>
[pid 21007] write(3, "esources.resw\0src/modules/peek/P"..., 8192) = 8192
[pid 21007] read(0,  <unfinished ...>
[pid 21008] <... write resumed>)        = 4096
[pid 21007] <... read resumed>"onitorData.cs\0src/modules/powerd"..., 8192) = 8192
[pid 21008] write(1, "I.UnitTests/BackwardsCompatibili"..., 4096 <unfinished ...>
[pid 21007] write(1, "onitorData.cs\0src/modules/powerd"..., 8192 <unfinished ...>
[pid 21008] <... write resumed>)        = 4096
[pid 21007] <... write resumed>)        = 8192
[pid 21008] write(1, "ettings.UI.UnitTests/ModelsTests"..., 4096 <unfinished ...>
[pid 21007] write(3, "onitorData.cs\0src/modules/powerd"..., 8192) = 8192
[pid 21007] read(0,  <unfinished ...>
[pid 21008] <... write resumed>)        = 4096
[pid 21007] <... read resumed>"I.rc\0src/modules/powerrename/Pow"..., 8192) = 8192
[pid 21008] write(1, "ngs-ui/Settings.UI/Assets/Settin"..., 4096 <unfinished ...>
[pid 21007] write(1, "I.rc\0src/modules/powerrename/Pow"..., 8192 <unfinished ...>
[pid 21008] <... write resumed>)        = 4096
[pid 21007] <... write resumed>)        = 8192
[pid 21008] write(1, "ettings/Modules/OOBE/TextExtract"..., 4096 <unfinished ...>
[pid 21007] write(3, "I.rc\0src/modules/powerrename/Pow"..., 8192) = 8192
[pid 21007] read(0,  <unfinished ...>
[pid 21008] <... write resumed>)        = 4096
[pid 21007] <... read resumed>"dePreviewHandlerCpp/pch.cpp\0src/"..., 8192) = 8192
[pid 21008] write(1, "rc/settings-ui/Settings.UI/Conve"..., 4096 <unfinished ...>
[pid 21007] write(1, "dePreviewHandlerCpp/pch.cpp\0src/"..., 8192 <unfinished ...>
[pid 21008] <... write resumed>)        = 4096
[pid 21007] <... write resumed>)        = 8192
[pid 21008] write(1, "ttings-ui/Settings.UI/SettingsXA"..., 4096 <unfinished ...>
[pid 21007] write(3, "dePreviewHandlerCpp/pch.cpp\0src/"..., 8192) = 8192
[pid 21007] read(0,  <unfinished ...>
[pid 21008] <... write resumed>)        = 4096
[pid 21007] <... read resumed>"dules/previewpane/PdfPreviewHand"..., 8192) = 8192
[pid 21008] write(1, "gs.UI/SettingsXAML/OOBE/Views/Oo"..., 4096 <unfinished ...>
[pid 21007] write(1, "dules/previewpane/PdfPreviewHand"..., 8192 <unfinished ...>
[pid 21008] <... write resumed>)        = 4096
[pid 21007] <... write resumed>)        = 8192
[pid 21008] write(1, "SettingsXAML/Views/ColorPickerPa"..., 4096 <unfinished ...>
[pid 21007] write(3, "dules/previewpane/PdfPreviewHand"..., 8192) = 8192
[pid 21007] read(0,  <unfinished ...>
[pid 21008] <... write resumed>)        = 4096
[pid 21007] <... read resumed>"codePreviewHandler/BgcodePreview"..., 8192) = 8192
[pid 21008] write(1, ".xaml\0src/settings-ui/Settings.U"..., 4096 <unfinished ...>
[pid 21007] write(1, "codePreviewHandler/BgcodePreview"..., 8192 <unfinished ...>
[pid 21008] <... write resumed>)        = 4096
[pid 21007] <... write resumed>)        = 8192
[pid 21008] write(1, "Tool/BugReportTool/ReportMonitor"..., 4096 <unfinished ...>
[pid 21007] write(3, "codePreviewHandler/BgcodePreview"..., 8192) = 8192
[pid 21007] read(0,  <unfinished ...>
[pid 21008] <... write resumed>)        = 4096
[pid 21007] <... read resumed>"istrypreview/RegistryPreviewExt/"..., 8192) = 8192
[pid 21008] fstat(1,  <unfinished ...>
[pid 21007] write(1, "istrypreview/RegistryPreviewExt/"..., 8192 <unfinished ...>
[pid 21008] <... fstat resumed>{st_mode=S_IFIFO|0600, st_size=0, ...}) = 0
[pid 21007] <... write resumed>)        = 8192
[pid 21008] write(1, "s/test-github_issue_attachments."..., 1422 <unfinished ...>
[pid 21007] write(3, "istrypreview/RegistryPreviewExt/"..., 8192 <unfinished ...>
[pid 21008] <... write resumed>)        = 1422
[pid 21007] <... write resumed>)        = 8192
[pid 21008] exit_group(0 <unfinished ...>
[pid 21007] read(0,  <unfinished ...>
[pid 21008] <... exit_group resumed>)   = ?
[pid 21007] <... read resumed>"dditionalActions.cs\0src/settings"..., 8192) = 8192
[pid 21008] +++ exited with 0 +++
[pid 21007] write(1, "dditionalActions.cs\0src/settings"..., 8192) = 8192
[pid 21005] <... wait4 resumed>[{WIFEXITED(s) && WEXITSTATUS(s) == 0}], 0, NULL) = 21008
[pid 21007] write(3, "dditionalActions.cs\0src/settings"..., 8192 <unfinished ...>
[pid 21005] --- SIGCHLD {si_signo=SIGCHLD, si_code=CLD_EXITED, si_pid=21008, si_uid=0, si_status=0, si_utime=0, si_stime=0} ---
[pid 21007] <... write resumed>)        = 8192
[pid 21005] rt_sigreturn({mask=[]} <unfinished ...>
[pid 21007] read(0,  <unfinished ...>
[pid 21005] <... rt_sigreturn resumed>) = 21008
[pid 21007] <... read resumed>"s-ui/Settings.UI.Library/PowerAc"..., 8192) = 8192
[pid 21005] wait4(-1,  <unfinished ...>
[pid 21007] write(1, "s-ui/Settings.UI.Library/PowerAc"..., 8192 <unfinished ...>
[pid 21005] <... wait4 resumed>0xffffef94d994, WNOHANG, NULL) = -1 ECHILD (No child processes)
[pid 21007] <... write resumed>)        = 8192
[pid 21005] dup3(10, 2, 0 <unfinished ...>
[pid 21007] write(3, "s-ui/Settings.UI.Library/PowerAc"..., 8192 <unfinished ...>
[pid 21005] <... dup3 resumed>)         = 2
[pid 21007] <... write resumed>)        = 8192
[pid 21005] close(10 <unfinished ...>
[pid 21007] read(0,  <unfinished ...>
[pid 21005] <... close resumed>)        = 0
[pid 21007] <... read resumed>"tings.UI.UnitTests/BackwardsComp"..., 8192) = 8192
[pid 21007] write(1, "tings.UI.UnitTests/BackwardsComp"..., 8192 <unfinished ...>
[pid 21005] exit_group(0 <unfinished ...>
[pid 21007] <... write resumed>)        = 8192
[pid 21005] <... exit_group resumed>)   = ?
[pid 21007] write(3, "tings.UI.UnitTests/BackwardsComp"..., 8192) = 8192
[pid 21005] +++ exited with 0 +++
[pid 20996] <... wait4 resumed>[{WIFEXITED(s) && WEXITSTATUS(s) == 0}], 0, NULL) = 21005
[pid 21007] read(0,  <unfinished ...>
[pid 20996] --- SIGCHLD {si_signo=SIGCHLD, si_code=CLD_EXITED, si_pid=21005, si_uid=0, si_status=0, si_utime=0, si_stime=0} ---
[pid 21007] <... read resumed>"ettings.UI.UnitTests/ModelsTests"..., 8192) = 8192
[pid 20996] rt_sigreturn({mask=[]} <unfinished ...>
[pid 21007] write(1, "ettings.UI.UnitTests/ModelsTests"..., 8192 <unfinished ...>
[pid 20996] <... rt_sigreturn resumed>) = 21005
[pid 21007] <... write resumed>)        = 8192
[pid 20996] wait4(-1,  <unfinished ...>
[pid 21007] write(3, "ettings.UI.UnitTests/ModelsTests"..., 8192) = 8192
[pid 21007] read(0, "ettings/Modules/OOBE/TextExtract"..., 8192) = 8192
[pid 21007] write(1, "ettings/Modules/OOBE/TextExtract"..., 8192) = 8192
[pid 21007] write(3, "ettings/Modules/OOBE/TextExtract"..., 8192) = 8192
[pid 21007] read(0, "ttings-ui/Settings.UI/SettingsXA"..., 8192) = 8192
[pid 21007] write(1, "ttings-ui/Settings.UI/SettingsXA"..., 8192) = 8192
[pid 21007] write(3, "ttings-ui/Settings.UI/SettingsXA"..., 8192) = 8192
[pid 21007] read(0, "SettingsXAML/Views/ColorPickerPa"..., 8192) = 8192
[pid 21007] write(1, "SettingsXAML/Views/ColorPickerPa"..., 8192) = 8192
[pid 21007] write(3, "SettingsXAML/Views/ColorPickerPa"..., 8192) = 8192
[pid 21007] read(0, "Tool/BugReportTool/ReportMonitor"..., 8192) = 5518
[pid 21007] write(1, "Tool/BugReportTool/ReportMonitor"..., 5518) = 5518
[pid 21007] write(3, "Tool/BugReportTool/ReportMonitor"..., 5518) = 5518
[pid 21007] read(0, "", 8192)           = 0
[pid 21007] close(3)                    = 0
[pid 21007] close(0)                    = 0
[pid 21007] close(1)                    = 0
[pid 21007] close(2)                    = 0
[pid 21007] exit_group(0)               = ?
[pid 21007] +++ exited with 0 +++
<... wait4 resumed>[{WIFEXITED(s) && WEXITSTATUS(s) == 0}], 0, NULL) = 21007
--- SIGCHLD {si_signo=SIGCHLD, si_code=CLD_EXITED, si_pid=21007, si_uid=0, si_status=0, si_utime=0, si_stime=0} ---
rt_sigreturn({mask=[]})                 = 21007
wait4(-1, 0xffffef94dd64, WNOHANG, NULL) = -1 ECHILD (No child processes)
read(10, "", 8192)                      = 0
exit_group(0)                           = ?
+++ exited with 0 +++
